[www.zebranomobilya.com.tr/en/index.php/duvar-uniteleri/index.html]
[www.google-analytics.com/analytics.js]
[backblue.gif]
[fade.gif]
[index.html]
[www.smartsuppchat.com/loaderd41d.js]
[www.zebranomobilya.com.tr/en/wp-content/plugins/revslider/public/assets/css/settings5223.css]
[www.zebranomobilya.com.tr/en/wp-content/themes/photonic/style8449.css]
[www.zebranomobilya.com.tr/en/wp-content/themes/photonic/css/verticalmenua970.css]
[www.zebranomobilya.com.tr/en/wp-content/themes/photonic/js/videojs/video-jsa970.css]
[www.zebranomobilya.com.tr/en/wp-content/themes/photonic/css/owlcarousel/owl.carousela970.css]
[www.zebranomobilya.com.tr/en/wp-content/themes/photonic/js/lightbox/css/lightgallerya970.css]
[www.zebranomobilya.com.tr/en/wp-content/themes/photonic/js/lightbox/css/lg-transitions.mina970.css]
[www.zebranomobilya.com.tr/en/wp-content/themes/photonic/style-dark8449.css]
[www.zebranomobilya.com.tr/en/wp-content/themes/photonic/css/animationsa970.css]
[www.zebranomobilya.com.tr/en/wp-content/themes/photonic/css/fonts/font-awesome/css/font-awesome.mina970.css]
[www.zebranomobilya.com.tr/en/wp-content/themes/photonic/css/fonts/et-fonts/et-fontsa970.css]
[www.zebranomobilya.com.tr/en/wp-content/themes/photonic/css/fonts/feather-webfont/feathera970.css]
[www.zebranomobilya.com.tr/en/wp-content/themes/photonic/css/fonts/fontello/css/fontelloa970.css]
[www.zebranomobilya.com.tr/en/wp-content/themes/photonic/css/fonts/simple-line-icons/simple-line-iconsa970.css]
[www.zebranomobilya.com.tr/en/wp-content/themes/photonic/css/supersized/supersizeda970.css]
[www.zebranomobilya.com.tr/en/wp-content/themes/photonic/css/responsivea970.css]
[www.zebranomobilya.com.tr/en/wp-includes/js/jquery/jqueryb8ff.js]
[www.zebranomobilya.com.tr/en/wp-includes/js/jquery/jquery-migrate.min330a.js]
[www.zebranomobilya.com.tr/en/wp-content/plugins/revslider/public/assets/js/jquery.themepunch.revolution.min5223.js]
[www.zebranomobilya.com.tr/en/wp-content/plugins/revslider/public/assets/js/jquery.themepunch.tools.min5223.js]
[www.zebranomobilya.com.tr/en/wp-content/uploads/2016/11/logo-white.png]
[www.zebranomobilya.com.tr/en/wp-content/uploads/2016/11/logo-white2.png]
[www.zebranomobilya.com.tr/en/wp-content/uploads/2019/10/Pierro-tv.jpg]
[www.zebranomobilya.com.tr/en/wp-content/uploads/2019/10/Pierro-tv-610x448.jpg]
[www.zebranomobilya.com.tr/en/wp-content/uploads/2016/11/Sentinus-tv.jpg]
[www.zebranomobilya.com.tr/en/wp-content/uploads/2016/11/Sentinus-tv-610x448.jpg]
[www.zebranomobilya.com.tr/en/wp-content/uploads/2016/11/000-cratos-duvar-unitesi-1.jpg]
[www.zebranomobilya.com.tr/en/wp-content/uploads/2016/11/000-cratos-duvar-unitesi-1-610x448.jpg]
[www.zebranomobilya.com.tr/en/wp-content/uploads/2018/01/Tetdo-Tv.jpg]
[www.zebranomobilya.com.tr/en/wp-content/uploads/2018/01/Tetdo-Tv-610x448.jpg]
[www.zebranomobilya.com.tr/en/wp-content/uploads/2018/01/rossi-Tv.jpg]
[www.zebranomobilya.com.tr/en/wp-content/uploads/2018/01/rossi-Tv-610x448.jpg]
[www.zebranomobilya.com.tr/en/wp-content/uploads/2016/11/002-daimon-tv-unitesi-1.jpg]
[www.zebranomobilya.com.tr/en/wp-content/uploads/2016/11/002-daimon-tv-unitesi-1-610x448.jpg]
[www.zebranomobilya.com.tr/en/wp-content/uploads/2016/11/003-marcello.jpg]
[www.zebranomobilya.com.tr/en/wp-content/uploads/2016/11/003-marcello-610x448.jpg]
[www.zebranomobilya.com.tr/en/wp-content/uploads/2016/11/004-theoden.jpg]
[www.zebranomobilya.com.tr/en/wp-content/uploads/2016/11/004-theoden-610x448.jpg]
[www.zebranomobilya.com.tr/en/wp-content/uploads/2016/11/005-DIONE.jpg]
[www.zebranomobilya.com.tr/en/wp-content/uploads/2016/11/005-DIONE-610x448.jpg]
[www.zebranomobilya.com.tr/en/wp-content/uploads/2016/11/006-MONET.jpg]
[www.zebranomobilya.com.tr/en/wp-content/uploads/2016/11/006-MONET-610x448.jpg]
[www.zebranomobilya.com.tr/en/wp-content/uploads/2016/11/007-FORTUNA.jpg]
[www.zebranomobilya.com.tr/en/wp-content/uploads/2016/11/007-FORTUNA-610x448.jpg]
[www.zebranomobilya.com.tr/en/wp-content/uploads/2016/11/008-FEDORA.jpg]
[www.zebranomobilya.com.tr/en/wp-content/uploads/2016/11/008-FEDORA-610x448.jpg]
[www.zebranomobilya.com.tr/en/wp-content/uploads/2016/11/009-ALMEDA5-1.jpg]
[www.zebranomobilya.com.tr/en/wp-content/uploads/2016/11/009-ALMEDA5-1-610x448.jpg]
[www.zebranomobilya.com.tr/en/wp-content/uploads/2016/11/010-BOTICELLI3-1.jpg]
[www.zebranomobilya.com.tr/en/wp-content/uploads/2016/11/010-BOTICELLI3-1-610x448.jpg]
[www.zebranomobilya.com.tr/en/wp-content/uploads/2016/11/009-ALMEDA5.jpg]
[www.zebranomobilya.com.tr/en/wp-content/uploads/2016/11/009-ALMEDA5-610x448.jpg]
[www.zebranomobilya.com.tr/en/wp-content/uploads/2016/11/010-BOTICELLI3.jpg]
[www.zebranomobilya.com.tr/en/wp-content/uploads/2016/11/010-BOTICELLI3-610x448.jpg]
[www.zebranomobilya.com.tr/en/wp-content/uploads/2016/11/011-ANELLO3.jpg]
[www.zebranomobilya.com.tr/en/wp-content/uploads/2016/11/011-ANELLO3-610x448.jpg]
[www.zebranomobilya.com.tr/cdn-cgi/scripts/5c5dd728/cloudflare-static/email-decode.min.js]
[www.zebranomobilya.com.tr/en/wp-content/themes/photonic/js/typed.js]
[www.zebranomobilya.com.tr/en/wp-content/themes/photonic/js/menu/verticalmenu.js]
[www.zebranomobilya.com.tr/en/wp-content/themes/photonic/js/videojs/video.js]
[www.zebranomobilya.com.tr/en/wp-content/themes/photonic/js/menu/superfish.js]
[www.zebranomobilya.com.tr/en/wp-content/themes/photonic/js/jquery.nicescroll.min.js]
[www.zebranomobilya.com.tr/en/wp-content/themes/photonic/js/jquery.easing.min.js]
[www.zebranomobilya.com.tr/en/wp-content/themes/photonic/js/page-elements.js]
[www.zebranomobilya.com.tr/en/wp-content/themes/photonic/js/jquery.fitvids.js]
[www.zebranomobilya.com.tr/en/wp-content/themes/photonic/js/waypoints/waypoints.min.js]
[www.zebranomobilya.com.tr/en/wp-content/themes/photonic/js/imagesloaded.pkgd.min.js]
[www.zebranomobilya.com.tr/en/wp-includes/js/hoverIntent.minc245.js]
[www.zebranomobilya.com.tr/en/wp-includes/js/jquery/ui/core.mine899.js]
[www.zebranomobilya.com.tr/en/wp-includes/js/jquery/ui/widget.mine899.js]
[www.zebranomobilya.com.tr/en/wp-includes/js/jquery/ui/position.mine899.js]
[www.zebranomobilya.com.tr/en/wp-includes/js/jquery/ui/tooltip.mine899.js]
[www.zebranomobilya.com.tr/en/wp-content/themes/photonic/js/owlcarousel/owl.carousel.min.js]
[www.zebranomobilya.com.tr/en/wp-content/themes/photonic/js/modernizr.custom.47002.js]
[www.zebranomobilya.com.tr/en/wp-content/themes/photonic/js/classie.js]
[www.zebranomobilya.com.tr/en/wp-content/themes/photonic/js/jquery.parallax.js]
[www.zebranomobilya.com.tr/en/wp-content/themes/photonic/js/jquery.stickymenu.js]
[www.zebranomobilya.com.tr/en/wp-content/themes/photonic/js/lightbox/js/lightgallery.min.js]
[www.zebranomobilya.com.tr/en/wp-content/themes/photonic/js/froogaloop2.min.js]
[www.zebranomobilya.com.tr/en/wp-content/themes/photonic/js/lightbox/js/lg-video.min.js]
[www.zebranomobilya.com.tr/en/wp-content/themes/photonic/js/lightbox/js/lg-autoplay.min.js]
[www.zebranomobilya.com.tr/en/wp-content/themes/photonic/js/lightbox/js/lg-zoom.min.js]
[www.zebranomobilya.com.tr/en/wp-content/themes/photonic/js/lightbox/js/lg-thumbnail.min.js]
[www.zebranomobilya.com.tr/en/wp-content/themes/photonic/js/lightbox/js/lg-fullscreen.min.js]
[www.zebranomobilya.com.tr/en/wp-content/themes/photonic/js/common.js]
[www.zebranomobilya.com.tr/en/wp-content/themes/photonic/js/supersized/supersized.3.2.7.min.js]
[www.zebranomobilya.com.tr/en/wp-content/themes/photonic/js/supersized/supersized.shutter.js]
[www.zebranomobilya.com.tr/en/wp-content/themes/photonic/js/jquery.touchSwipe.min.js]
[www.zebranomobilya.com.tr/en/wp-includes/js/wp-embed.mina970.js]
[www.zebranomobilya.com.tr/en/index.php/duvar-uniteleri/index.html]
[www.zebranomobilya.com.tr/en/wp-content/themes/photonic/js/jquery.isotope.min.js]
[www.zebranomobilya.com.tr/en/wp-content/plugins/revslider/public/assets/assets/gridtile.png]
[www.zebranomobilya.com.tr/en/wp-content/plugins/revslider/public/assets/assets/gridtile_white.png]
[www.zebranomobilya.com.tr/en/wp-content/plugins/revslider/public/assets/assets/gridtile_3x3.png]
[www.zebranomobilya.com.tr/en/wp-content/plugins/revslider/public/assets/assets/gridtile_3x3_white.png]
[www.zebranomobilya.com.tr/en/wp-content/plugins/revslider/public/assets/assets/coloredbg.png]
[www.zebranomobilya.com.tr/en/wp-content/plugins/revslider/public/assets/assets/loader.gif]
[www.zebranomobilya.com.tr/en/wp-content/plugins/revslider/public/assets/css/settings5223.css]
[www.zebranomobilya.com.tr/en/wp-content/themes/photonic/images/icons/view.png]
[www.zebranomobilya.com.tr/en/wp-content/themes/photonic/images/icons/magnifying_glass_alt_8x8.png]
[www.zebranomobilya.com.tr/en/wp-content/themes/photonic/images/icons/search_header.png]
[www.zebranomobilya.com.tr/en/wp-content/themes/photonic/images/icons/shopping_bag.png]
[www.zebranomobilya.com.tr/en/wp-content/themes/photonic/images/patterns/stripes_fine_tall.png]
[www.zebranomobilya.com.tr/en/wp-content/themes/photonic/images/dividers/stripes.png]
[www.zebranomobilya.com.tr/en/wp-content/themes/photonic/images/darkskin/dividers/stripes.png]
[www.zebranomobilya.com.tr/en/wp-content/themes/photonic/images/dividers/thin_fade.png]
[www.zebranomobilya.com.tr/en/wp-content/themes/photonic/images/darkskin/dividers/thin_fade.png]
[www.zebranomobilya.com.tr/en/wp-content/themes/photonic/images/dividers/threelines.png]
[www.zebranomobilya.com.tr/en/wp-content/themes/photonic/images/darkskin/dividers/threelines.png]
[www.zebranomobilya.com.tr/en/wp-content/themes/photonic/images/dividers/circleline.png]
[www.zebranomobilya.com.tr/en/wp-content/themes/photonic/images/darkskin/dividers/circleline.png]
[www.zebranomobilya.com.tr/en/wp-content/themes/photonic/images/dividers/stripedcenter.png]
[www.zebranomobilya.com.tr/en/wp-content/themes/photonic/images/darkskin/dividers/stripedcenter.png]
[www.zebranomobilya.com.tr/en/wp-content/themes/photonic/images/dividers/linedcenter.png]
[www.zebranomobilya.com.tr/en/wp-content/themes/photonic/images/darkskin/dividers/linedcenter.png]
[www.zebranomobilya.com.tr/en/wp-content/themes/photonic/images/icons/play-button.png]
[www.zebranomobilya.com.tr/en/wp-content/themes/photonic/images/icons/pause-button.png]
[www.zebranomobilya.com.tr/en/wp-content/themes/photonic/style8449.css]
[www.zebranomobilya.com.tr/en/wp-content/themes/photonic/css/verticalmenua970.css]
[www.zebranomobilya.com.tr/en/wp-content/themes/photonic/js/videojs/font/vjs.eot]
[www.zebranomobilya.com.tr/en/wp-content/themes/photonic/js/videojs/font/vjsd41d.eot]
[www.zebranomobilya.com.tr/en/wp-content/themes/photonic/js/videojs/font/vjs.woff]
[www.zebranomobilya.com.tr/en/wp-content/themes/photonic/js/videojs/video-jsa970.css]
[www.zebranomobilya.com.tr/en/wp-content/themes/photonic/js/videojs/font/vjs.ttf]
[www.zebranomobilya.com.tr/en/wp-content/themes/photonic/css/owlcarousel/owl.video.play.png]
[www.zebranomobilya.com.tr/en/wp-content/themes/photonic/css/owlcarousel/owl.carousela970.css]
[www.zebranomobilya.com.tr/en/wp-content/themes/photonic/js/lightbox/img/vimeo-play.png]
[www.zebranomobilya.com.tr/en/wp-content/themes/photonic/js/lightbox/img/video-play.png]
[www.zebranomobilya.com.tr/en/wp-content/themes/photonic/js/lightbox/img/youtube-play.png]
[www.zebranomobilya.com.tr/en/wp-content/themes/photonic/js/lightbox/img/loading.gif]
[www.zebranomobilya.com.tr/en/wp-content/themes/photonic/js/lightbox/css/lightgallerya970.css]
[www.zebranomobilya.com.tr/en/wp-content/themes/photonic/js/lightbox/css/lg-transitions.mina970.css]
[www.zebranomobilya.com.tr/en/wp-content/themes/photonic/style-dark8449.css]
[www.zebranomobilya.com.tr/en/wp-content/themes/photonic/css/animationsa970.css]
[www.zebranomobilya.com.tr/en/wp-content/themes/photonic/css/fonts/font-awesome/css/font-awesome.mina970.css]
[www.zebranomobilya.com.tr/en/wp-content/themes/photonic/css/fonts/et-fonts/fonts/et-line.eot]
[www.zebranomobilya.com.tr/en/wp-content/themes/photonic/css/fonts/et-fonts/fonts/et-lined41d.eot]
[www.zebranomobilya.com.tr/en/wp-content/themes/photonic/css/fonts/et-fonts/fonts/et-line.woff]
[www.zebranomobilya.com.tr/en/wp-content/themes/photonic/css/fonts/et-fonts/fonts/et-line.ttf]
[www.zebranomobilya.com.tr/en/wp-content/themes/photonic/css/fonts/et-fonts/et-fontsa970.css]
[www.zebranomobilya.com.tr/en/wp-content/themes/photonic/css/fonts/et-fonts/fonts/et-line.svg]
[www.zebranomobilya.com.tr/en/wp-content/themes/photonic/css/fonts/feather-webfont/fonts/feather-webfont.eot]
[www.zebranomobilya.com.tr/en/wp-content/themes/photonic/css/fonts/feather-webfont/fonts/feather-webfontd41d.eot]
[www.zebranomobilya.com.tr/en/wp-content/themes/photonic/css/fonts/feather-webfont/fonts/feather-webfont.woff]
[www.zebranomobilya.com.tr/en/wp-content/themes/photonic/css/fonts/feather-webfont/fonts/feather-webfont.ttf]
[www.zebranomobilya.com.tr/en/wp-content/themes/photonic/css/fonts/feather-webfont/feathera970.css]
[www.zebranomobilya.com.tr/en/wp-content/themes/photonic/css/fonts/fontello/css/fontelloa970.css]
[www.zebranomobilya.com.tr/en/wp-content/themes/photonic/css/fonts/feather-webfont/fonts/feather-webfont.svg]
[www.zebranomobilya.com.tr/en/wp-content/themes/photonic/css/fonts/simple-line-icons/fonts/Simple-Line-Icons.eot]
[www.zebranomobilya.com.tr/en/wp-content/themes/photonic/css/fonts/simple-line-icons/fonts/Simple-Line-Iconsd41d.eot]
[www.zebranomobilya.com.tr/en/wp-content/themes/photonic/css/fonts/simple-line-icons/fonts/Simple-Line-Icons.woff]
[www.zebranomobilya.com.tr/en/wp-content/themes/photonic/css/fonts/simple-line-icons/fonts/Simple-Line-Icons.ttf]
[www.zebranomobilya.com.tr/en/wp-content/themes/photonic/css/fonts/simple-line-icons/simple-line-iconsa970.css]
[www.zebranomobilya.com.tr/en/wp-content/themes/photonic/css/fonts/simple-line-icons/fonts/Simple-Line-Icons.svg]
[www.zebranomobilya.com.tr/en/wp-content/themes/photonic/images/supersized/nav-dot.png]
[www.zebranomobilya.com.tr/en/wp-content/themes/photonic/images/supersized/thumb-back.png]
[www.zebranomobilya.com.tr/en/wp-content/themes/photonic/images/supersized/thumb-forward.png]
[www.zebranomobilya.com.tr/en/wp-content/themes/photonic/css/supersized/supersizeda970.css]
[www.zebranomobilya.com.tr/en/wp-content/themes/photonic/css/responsivea970.css]
[www.zebranomobilya.com.tr/en/wp-content/plugins/revslider/public/assets/css/openhand.html]
[www.zebranomobilya.com.tr/en/wp-content/plugins/revslider/public/assets/css/closedhand.html]
[www.zebranomobilya.com.tr/en/wp-content/themes/photonic/images/icons/view.html]
[www.zebranomobilya.com.tr/en/wp-content/themes/photonic/images/icons/magnifying_glass_alt_8x8.html]
[www.zebranomobilya.com.tr/en/wp-content/themes/photonic/images/icons/search_header.html]
[www.zebranomobilya.com.tr/en/wp-content/themes/photonic/images/icons/shopping_bag.html]
[www.zebranomobilya.com.tr/en/wp-content/themes/photonic/images/patterns/stripes_fine_tall.html]
[www.zebranomobilya.com.tr/en/wp-content/themes/photonic/images/dividers/stripes.html]
[www.zebranomobilya.com.tr/en/wp-content/themes/photonic/images/darkskin/dividers/stripes.html]
[www.zebranomobilya.com.tr/en/wp-content/themes/photonic/images/dividers/thin_fade.html]
[www.zebranomobilya.com.tr/en/wp-content/themes/photonic/images/darkskin/dividers/thin_fade.html]
[www.zebranomobilya.com.tr/en/wp-content/themes/photonic/images/dividers/threelines.html]
[www.zebranomobilya.com.tr/en/wp-content/themes/photonic/images/darkskin/dividers/threelines.html]
[www.zebranomobilya.com.tr/en/wp-content/themes/photonic/images/dividers/circleline.html]
[www.zebranomobilya.com.tr/en/wp-content/themes/photonic/images/darkskin/dividers/circleline.html]
[www.zebranomobilya.com.tr/en/wp-content/themes/photonic/images/dividers/stripedcenter.html]
[www.zebranomobilya.com.tr/en/wp-content/themes/photonic/images/darkskin/dividers/stripedcenter.html]
[www.zebranomobilya.com.tr/en/wp-content/themes/photonic/images/dividers/linedcenter.html]
[www.zebranomobilya.com.tr/en/wp-content/themes/photonic/images/darkskin/dividers/linedcenter.html]
[www.zebranomobilya.com.tr/en/wp-content/themes/photonic/images/icons/play-button.html]
[www.zebranomobilya.com.tr/en/wp-content/themes/photonic/images/icons/pause-button.html]
[www.zebranomobilya.com.tr/en/wp-content/themes/photonic/css/owlcarousel/owl.video.play.html]
[www.zebranomobilya.com.tr/en/wp-content/themes/photonic/css/fonts/et-fonts/fonts/et-line.svg]
[www.zebranomobilya.com.tr/en/wp-content/themes/photonic/css/fonts/feather-webfont/fonts/feather-webfont.svg]
[www.zebranomobilya.com.tr/en/wp-content/themes/photonic/css/fonts/simple-line-icons/fonts/Simple-Line-Icons.svg]
